// Jest Snapshot v1, https://jestjs.io/docs/snapshot-testing

exports[`Th Component in Table Context corresponde ao instant√¢neo no contexto da tabela 1`] = `
<DocumentFragment>
  <table>
    <thead>
      <tr>
        <th
          class="test-class"
        >
          Test Header
        </th>
      </tr>
    </thead>
    <tbody>
      <tr>
        <td>
          Test cell
        </td>
      </tr>
    </tbody>
  </table>
</DocumentFragment>
`;

exports[`Th Component in Table Context matches snapshot in table context 1`] = `
<DocumentFragment>
  <table>
    <thead>
      <tr>
        <th
          class="test-class"
        >
          Test Header
        </th>
      </tr>
    </thead>
    <tbody>
      <tr>
        <td>
          Test cell
        </td>
      </tr>
    </tbody>
  </table>
</DocumentFragment>
`;
